\BOOKMARK [1][]{section.1}{\376\377\173\200\116\313}{}% 1
\BOOKMARK [2][]{subsection.1.1}{\376\377\213\376\172\013\200\314\146\157\060\001\166\356\150\007\123\312\145\131\133\146\176\304\176\307}{section.1}% 2
\BOOKMARK [3][]{subsubsection.1.1.1}{\376\377\137\000\213\276\200\314\146\157}{subsection.1.1}% 3
\BOOKMARK [3][]{subsubsection.1.1.2}{\376\377\213\376\172\013\173\200\116\313}{subsection.1.1}% 4
\BOOKMARK [3][]{subsubsection.1.1.3}{\376\377\127\372\147\054\166\356\150\007}{subsection.1.1}% 5
\BOOKMARK [3][]{subsubsection.1.1.4}{\376\377\213\376\172\013\131\047\176\262}{subsection.1.1}% 6
\BOOKMARK [3][]{subsubsection.1.1.5}{\376\377\142\020\176\351\213\304\133\232}{subsection.1.1}% 7
\BOOKMARK [3][]{subsubsection.1.1.6}{\376\377\213\376\172\013\121\166\116\326\166\370\121\163\117\341\140\157}{subsection.1.1}% 8
\BOOKMARK [2][]{subsection.1.2}{\376\377\121\167\216\253\146\172\200\375\116\016\220\032\165\050\146\172\200\375\117\123\166\204\151\202\137\365\164\006\211\343\123\312\170\024\172\166\217\333\134\125}{section.1}% 9
\BOOKMARK [3][]{subsubsection.1.2.1}{\376\377\121\167\216\253\146\172\200\375\377\010\000E\000m\000b\000o\000d\000i\000e\000d\000\040\000I\000n\000t\000e\000l\000l\000i\000g\000e\000n\000c\000e\377\011}{subsection.1.2}% 10
\BOOKMARK [4][]{paragraph.1.2.1.1}{\376\377\116\316\040\034\142\021\140\035\145\105\142\021\127\050\040\035\122\060\137\303\216\253\225\356\230\230}{subsubsection.1.2.1}% 11
\BOOKMARK [4][]{paragraph.1.2.1.2}{\376\377\116\300\116\110\146\057\121\167\216\253\146\172\200\375}{subsubsection.1.2.1}% 12
\BOOKMARK [4][]{paragraph.1.2.1.3}{\376\377\137\303\164\006\133\146\116\016\124\362\133\146\156\012\156\220}{subsubsection.1.2.1}% 13
\BOOKMARK [3][]{subsubsection.1.2.2}{\376\377\220\032\165\050\146\172\200\375\117\123\377\010\000T\000O\000N\000G\000\040\000A\000g\000e\000n\000t\000\040\000/\000\040\000A\000G\000I\000\040\000A\000g\000e\000n\000t\377\011}{subsection.1.2}% 14
\BOOKMARK [4][]{paragraph.1.2.2.1}{\376\377\116\272\135\345\146\172\200\375\166\204\146\172\200\375\117\123\211\306\211\322}{subsubsection.1.2.2}% 15
\BOOKMARK [4][]{paragraph.1.2.2.2}{\376\377\146\172\200\375\146\057\124\004\171\315\040\034\163\260\214\141\040\035}{subsubsection.1.2.2}% 16
\BOOKMARK [4][]{paragraph.1.2.2.3}{\376\377\116\272\135\345\146\172\200\375\143\242\175\042\116\016\146\172\200\375\133\146\171\321\166\204\213\336\165\037}{subsubsection.1.2.2}% 17
\BOOKMARK [4][]{paragraph.1.2.2.4}{\376\377\220\032\165\050\146\172\200\375\117\123\166\204\133\232\116\111}{subsubsection.1.2.2}% 18
\BOOKMARK [4][]{paragraph.1.2.2.5}{\376\377\220\032\165\050\146\172\200\375\117\123\166\204\000\040\000U\000V\000\040\164\006\213\272\123\312\147\266\147\204}{subsubsection.1.2.2}% 19
\BOOKMARK [4][]{paragraph.1.2.2.6}{\376\377\170\024\172\166\122\115\154\277\116\076\117\213}{subsubsection.1.2.2}% 20
\BOOKMARK [3][]{subsubsection.1.2.3}{\376\377\203\003\137\017\116\113\116\211\377\032\116\114\236\046\134\125\171\072\166\204\000\040\000A\000I\000\040\145\260\203\003\137\017}{subsection.1.2}% 21
\BOOKMARK [3][]{subsubsection.1.2.4}{\376\377\170\024\123\321\220\032\165\050\146\172\200\375\117\123\166\204\150\070\137\303\211\201\160\271}{subsection.1.2}% 22
\BOOKMARK [2][]{subsection.1.3}{\376\377\145\131\133\146\136\163\123\360\060\001\170\024\172\166\171\072\117\213\123\312\000\040\000D\000e\000m\000o\000\040\134\125\171\072}{section.1}% 23
\BOOKMARK [3][]{subsubsection.1.3.1}{\376\377\146\172\200\375\147\072\126\150\116\272\145\131\133\146\136\163\123\360}{subsection.1.3}% 24
\BOOKMARK [3][]{subsubsection.1.3.2}{\376\377\116\272\137\142\147\072\126\150\116\272\217\320\122\250\142\200\200\375\170\024\172\166}{subsection.1.3}% 25
\BOOKMARK [3][]{subsubsection.1.3.3}{\376\377\171\321\170\024\136\163\123\360\116\016\170\024\172\166\145\271\124\021}{subsection.1.3}% 26
\BOOKMARK [2][]{subsection.1.4}{\376\377\213\376\172\013\145\131\133\146\213\250\213\272}{section.1}% 27
\BOOKMARK [2][]{subsection.1.5}{\376\377\134\017\176\323}{section.1}% 28
