\BOOKMARK [1][-]{section.1}{\376\377\213\260\123\367\116\016\176\246\133\232}{}% 1
\BOOKMARK [1][-]{section.2}{\376\377\176\277\140\047\116\343\145\160\230\204\131\007\167\345\213\306}{}% 2
\BOOKMARK [2][-]{subsection.2.1}{\376\377\121\205\171\357\060\001\116\214\153\041\127\213\116\016\133\371\171\360\167\351\226\065}{section.2}% 3
\BOOKMARK [2][-]{subsection.2.2}{\376\377\214\061\133\232\164\006\377\032\133\371\171\360\167\351\226\065\123\357\153\143\116\244\133\371\211\322\123\026}{section.2}% 4
\BOOKMARK [2][-]{subsection.2.3}{\376\377\153\143\133\232\116\016\123\112\153\143\133\232\167\351\226\065}{section.2}% 5
\BOOKMARK [2][-]{subsection.2.4}{\376\377\210\114\122\027\137\017\116\016\220\006\166\204\127\372\147\054\140\047\215\050}{section.2}% 6
\BOOKMARK [2][-]{subsection.2.5}{\376\377\122\006\127\127\167\351\226\065\116\016\000\040\000S\000c\000h\000u\000r\000\040\210\145}{section.2}% 7
\BOOKMARK [2][-]{subsection.2.6}{\376\377\116\214\153\041\127\213\166\204\122\006\127\127\134\125\137\000\116\016\167\351\226\065\221\115\145\271\154\325}{section.2}% 8
\BOOKMARK [2][-]{subsection.2.7}{\376\377\131\032\221\315\171\357\122\006\166\204\143\142\121\103\116\016\226\305\123\357\153\324\210\114\122\027\137\017}{section.2}% 9
\BOOKMARK [2][-]{subsection.2.8}{\376\377\116\000\121\103\232\330\145\257\171\357\122\006}{section.2}% 10
\BOOKMARK [1][-]{section.3}{\376\377\131\032\121\103\232\330\145\257\122\006\136\003}{}% 11
\BOOKMARK [2][-]{subsection.3.1}{\376\377\116\316\116\000\121\103\122\060\131\032\121\103}{section.3}% 12
\BOOKMARK [2][-]{subsection.3.2}{\376\377\137\122\116\000\123\026\136\070\145\160\166\204\143\250\133\374}{section.3}% 13
\BOOKMARK [2][-]{subsection.3.3}{\376\377\127\107\120\074\116\016\123\117\145\271\135\356}{section.3}% 14
\BOOKMARK [2][-]{subsection.3.4}{\376\377\116\377\134\004\123\330\143\142\117\335\143\001\232\330\145\257\140\047}{section.3}% 15
\BOOKMARK [2][-]{subsection.3.5}{\376\377\121\340\117\125\126\376\120\317}{section.3}% 16
\BOOKMARK [1][-]{section.4}{\376\377\116\044\116\052\232\330\176\364\226\217\147\072\123\330\221\317\166\204\200\124\124\010\232\330\145\257\122\006\136\003\000\040\000P\000\050\000x\000,\000y\000\051}{}% 17
\BOOKMARK [2][-]{subsection.4.1}{\376\377\213\276\133\232\116\016\200\124\124\010\133\306\136\246}{section.4}% 18
\BOOKMARK [2][-]{subsection.4.2}{\376\377\173\054\116\000\153\145\377\032\165\050\000\040\000S\000c\000h\000u\000r\000\040\210\145\121\231\121\372\174\276\136\246\167\351\226\065}{section.4}% 19
\BOOKMARK [2][-]{subsection.4.3}{\376\377\173\054\116\214\153\145\377\032\134\125\137\000\143\007\145\160}{section.4}% 20
\BOOKMARK [2][-]{subsection.4.4}{\376\377\173\054\116\011\153\145\377\032\200\124\124\010\133\306\136\246\166\204\116\130\171\357\122\006\211\343}{section.4}% 21
\BOOKMARK [2][-]{subsection.4.5}{\376\377\217\271\177\030\122\006\136\003}{section.4}% 22
\BOOKMARK [2][-]{subsection.4.6}{\376\377\147\141\116\366\122\006\136\003}{section.4}% 23
\BOOKMARK [2][-]{subsection.4.7}{\376\377\162\354\172\313\140\047}{section.4}% 24
\BOOKMARK [1][-]{section.5}{\376\377\117\213\133\120\116\016\136\224\165\050}{}% 25
\BOOKMARK [2][-]{subsection.5.1}{\376\377\116\214\176\364\140\305\137\142\377\032\000n\000=\000m\000=\0001}{section.5}% 26
\BOOKMARK [2][-]{subsection.5.2}{\376\377\176\277\140\047\232\330\145\257\152\041\127\213\377\032\131\202\117\125\000"\122\066\220\040\000"\116\000\116\052\200\124\124\010\232\330\145\257}{section.5}% 27
\BOOKMARK [1][-]{section.6}{\376\377\134\017\176\323}{}% 28
