\BOOKMARK [1][]{section.1}{\376\377\217\321\116\343\124\362\133\146\166\204\200\314\146\157}{}% 1
\BOOKMARK [2][]{subsection.1.1}{\376\377\217\321\116\343\123\206\123\362\166\204\131\140\127\372}{section.1}% 2
\BOOKMARK [2][]{subsection.1.2}{\376\377\133\371\124\362\133\146\123\321\134\125\166\204\137\161\124\315}{section.1}% 3
\BOOKMARK [1][]{section.2}{\376\377\173\033\123\141\134\024\124\362\133\146}{}% 4
\BOOKMARK [2][]{subsection.2.1}{\376\377\173\033\123\141\134\024\165\037\136\163\173\200\116\313}{section.2}% 5
\BOOKMARK [2][]{subsection.2.2}{\376\377\000D\000i\000s\000c\000a\000r\000t\166\204\142\021\140\035}{section.2}% 6
\BOOKMARK [2][]{subsection.2.3}{\376\377\116\012\136\035}{section.2}% 7
\BOOKMARK [2][]{subsection.2.4}{\376\377\154\070\140\122\167\037\164\006}{section.2}% 8
\BOOKMARK [2][]{subsection.2.5}{\376\377\133\236\117\123\116\214\121\103\213\272}{section.2}% 9
\BOOKMARK [1][]{section.3}{\376\377\227\015\136\003\145\257\124\362\133\146}{}% 10
\BOOKMARK [2][]{subsection.3.1}{\376\377\165\037\136\163\173\200\116\313\377\010\0001\0005\0008\0008\377\011}{section.3}% 11
\BOOKMARK [2][]{subsection.3.2}{\376\377\125\057\162\151\166\204\176\317\232\214\213\272}{section.3}% 12
\BOOKMARK [2][]{subsection.3.3}{\376\377\125\057\124\015\213\272\116\016\213\355\212\000}{section.3}% 13
\BOOKMARK [2][]{subsection.3.4}{\376\377\137\303\160\165\116\016\141\017\137\327}{section.3}% 14
\BOOKMARK [2][]{subsection.3.5}{\376\377\145\077\154\273\124\362\133\146}{section.3}% 15
\BOOKMARK [3][]{subsubsection.3.5.1}{\376\377\201\352\161\066\162\266\140\001}{subsection.3.5}% 16
\BOOKMARK [3][]{subsubsection.3.5.2}{\376\377\201\352\161\066\154\325\211\201\154\102\122\033\220\040\116\073\147\103\200\005}{subsection.3.5}% 17
\BOOKMARK [3][]{subsubsection.3.5.3}{\376\377\116\073\147\103\200\005\166\204\147\204\142\020\116\016\147\103\226\120}{subsection.3.5}% 18
\BOOKMARK [1][]{section.4}{\376\377\136\025\145\257\123\141\124\214\232\154\122\322\136\003\147\027\130\353}{}% 19
\BOOKMARK [2][]{subsection.4.1}{\376\377\000P\000a\000s\000c\000a\000l\124\362\133\146}{section.4}% 20
\BOOKMARK [3][]{subsubsection.4.1.1}{\376\377\165\037\136\163}{subsection.4.1}% 21
\BOOKMARK [3][]{subsubsection.4.1.2}{\376\377\124\015\212\000}{subsection.4.1}% 22
\BOOKMARK [3][]{subsubsection.4.1.3}{\376\377\124\362\133\146\211\302\160\271}{subsection.4.1}% 23
